TRAIN n=6 method=rff seed=2 -> /content/drive/MyDrive/ryan_pinn_trial_from_start_0677b40/repository/results/raw/n06/rff/seed_2/attempt_000
/usr/local/lib/python3.13/dist-packages/torch/autograd/graph.py:882: UserWarning: Attempting to run cuBLAS, but there was no current CUDA context! Attempting to set the primary context... (Triggered internally at /pytorch/aten/src/ATen/cuda/CublasHandlePool.cpp:370.)
  return Variable._execution_engine.run_backward(  # Calls into the C++ engine to run the backward pass
[n=6 rff seed=2]    1/8000 (  0.0%) loss=1.89186 lr=0.001 elapsed=0.0min ETA=49.4min
[n=6 rff seed=2]  100/8000 (  1.2%) loss=0.0993415 lr=0.00099966 elapsed=0.0min ETA=3.2min
[n=6 rff seed=2]  200/8000 (  2.5%) loss=0.010545 lr=0.000998626 elapsed=0.1min ETA=2.9min
[n=6 rff seed=2]  300/8000 (  3.8%) loss=0.0013616 lr=0.000996901 elapsed=0.1min ETA=2.8min
[n=6 rff seed=2]  400/8000 (  5.0%) loss=0.00047465 lr=0.000994486 elapsed=0.1min ETA=2.7min
[n=6 rff seed=2]  500/8000 (  6.2%) loss=0.000268236 lr=0.000991386 elapsed=0.2min ETA=3.0min
[n=6 rff seed=2]  600/8000 (  7.5%) loss=0.000179929 lr=0.000987605 elapsed=0.2min ETA=3.0min
[n=6 rff seed=2]  700/8000 (  8.8%) loss=0.00013089 lr=0.000983149 elapsed=0.3min ETA=2.8min
[n=6 rff seed=2]  800/8000 ( 10.0%) loss=0.000100169 lr=0.000978025 elapsed=0.3min ETA=2.8min
[n=6 rff seed=2]  900/8000 ( 11.2%) loss=7.94756e-05 lr=0.00097224 elapsed=0.3min ETA=2.7min
[n=6 rff seed=2] 1000/8000 ( 12.5%) loss=6.47905e-05 lr=0.000965805 elapsed=0.4min ETA=2.6min
[n=6 rff seed=2] 1100/8000 ( 13.8%) loss=5.39433e-05 lr=0.000958728 elapsed=0.4min ETA=2.7min
[n=6 rff seed=2] 1200/8000 ( 15.0%) loss=4.56754e-05 lr=0.000951021 elapsed=0.5min ETA=2.7min
[n=6 rff seed=2] 1300/8000 ( 16.2%) loss=3.92135e-05 lr=0.000942696 elapsed=0.5min ETA=2.6min
[n=6 rff seed=2] 1400/8000 ( 17.5%) loss=3.40586e-05 lr=0.000933764 elapsed=0.5min ETA=2.6min
[n=6 rff seed=2] 1500/8000 ( 18.8%) loss=2.98735e-05 lr=0.000924241 elapsed=0.6min ETA=2.5min
[n=6 rff seed=2] 1600/8000 ( 20.0%) loss=2.6424e-05 lr=0.000914141 elapsed=0.6min ETA=2.5min
[n=6 rff seed=2] 1700/8000 ( 21.2%) loss=2.35423e-05 lr=0.000903479 elapsed=0.7min ETA=2.5min
[n=6 rff seed=2] 1800/8000 ( 22.5%) loss=2.11066e-05 lr=0.000892272 elapsed=0.7min ETA=2.5min
[n=6 rff seed=2] 1900/8000 ( 23.8%) loss=1.9027e-05 lr=0.000880537 elapsed=0.7min ETA=2.4min
[n=6 rff seed=2] 2000/8000 ( 25.0%) loss=1.97515e-05 lr=0.000868292 elapsed=0.8min ETA=2.4min
[n=6 rff seed=2] 2100/8000 ( 26.2%) loss=1.5697e-05 lr=0.000855556 elapsed=0.8min ETA=2.3min
[n=6 rff seed=2] 2200/8000 ( 27.5%) loss=1.83298e-05 lr=0.000842349 elapsed=0.9min ETA=2.3min
[n=6 rff seed=2] 2300/8000 ( 28.8%) loss=1.31886e-05 lr=0.000828691 elapsed=0.9min ETA=2.3min
[n=6 rff seed=2] 2400/8000 ( 30.0%) loss=1.21312e-05 lr=0.000814603 elapsed=0.9min ETA=2.2min
[n=6 rff seed=2] 2500/8000 ( 31.2%) loss=1.505e-05 lr=0.000800108 elapsed=1.0min ETA=2.2min
[n=6 rff seed=2] 2600/8000 ( 32.5%) loss=1.03942e-05 lr=0.000785226 elapsed=1.0min ETA=2.1min
[n=6 rff seed=2] 2700/8000 ( 33.8%) loss=9.66071e-06 lr=0.000769982 elapsed=1.0min ETA=2.1min
[n=6 rff seed=2] 2800/8000 ( 35.0%) loss=9.67852e-06 lr=0.000754398 elapsed=1.1min ETA=2.0min
[n=6 rff seed=2] 2900/8000 ( 36.2%) loss=8.41596e-06 lr=0.000738499 elapsed=1.1min ETA=2.0min
[n=6 rff seed=2] 3000/8000 ( 37.5%) loss=7.8797e-06 lr=0.00072231 elapsed=1.2min ETA=1.9min
[n=6 rff seed=2] 3100/8000 ( 38.8%) loss=7.81607e-06 lr=0.000705854 elapsed=1.2min ETA=1.9min
[n=6 rff seed=2] 3200/8000 ( 40.0%) loss=6.95611e-06 lr=0.000689158 elapsed=1.2min ETA=1.9min
[n=6 rff seed=2] 3300/8000 ( 41.2%) loss=6.55158e-06 lr=0.000672248 elapsed=1.3min ETA=1.8min
[n=6 rff seed=2] 3400/8000 ( 42.5%) loss=6.54366e-06 lr=0.000655149 elapsed=1.3min ETA=1.8min
[n=6 rff seed=2] 3500/8000 ( 43.8%) loss=5.84564e-06 lr=0.000637888 elapsed=1.3min ETA=1.7min
[n=6 rff seed=2] 3600/8000 ( 45.0%) loss=5.53291e-06 lr=0.000620492 elapsed=1.4min ETA=1.7min
[n=6 rff seed=2] 3700/8000 ( 46.2%) loss=5.2529e-06 lr=0.000602986 elapsed=1.4min ETA=1.7min
[n=6 rff seed=2] 3800/8000 ( 47.5%) loss=4.98154e-06 lr=0.000585399 elapsed=1.5min ETA=1.6min
[n=6 rff seed=2] 3900/8000 ( 48.8%) loss=4.78484e-06 lr=0.000567757 elapsed=1.5min ETA=1.6min
[n=6 rff seed=2] 4000/8000 ( 50.0%) loss=4.61104e-06 lr=0.000550088 elapsed=1.5min ETA=1.5min
[n=6 rff seed=2] 4100/8000 ( 51.2%) loss=4.29683e-06 lr=0.000532419 elapsed=1.6min ETA=1.5min
[n=6 rff seed=2] 4200/8000 ( 52.5%) loss=4.35101e-06 lr=0.000514777 elapsed=1.6min ETA=1.5min
[n=6 rff seed=2] 4300/8000 ( 53.8%) loss=3.91864e-06 lr=0.000497189 elapsed=1.6min ETA=1.4min
[n=6 rff seed=2] 4400/8000 ( 55.0%) loss=5.69928e-06 lr=0.000479683 elapsed=1.7min ETA=1.4min
[n=6 rff seed=2] 4500/8000 ( 56.2%) loss=3.5911e-06 lr=0.000462285 elapsed=1.7min ETA=1.3min
[n=6 rff seed=2] 4600/8000 ( 57.5%) loss=3.52702e-06 lr=0.000445023 elapsed=1.7min ETA=1.3min
[n=6 rff seed=2] 4700/8000 ( 58.8%) loss=3.3044e-06 lr=0.000427922 elapsed=1.8min ETA=1.2min
[n=6 rff seed=2] 4800/8000 ( 60.0%) loss=3.47689e-06 lr=0.00041101 elapsed=1.8min ETA=1.2min
[n=6 rff seed=2] 4900/8000 ( 61.2%) loss=3.05296e-06 lr=0.000394312 elapsed=1.9min ETA=1.2min
[n=6 rff seed=2] 5000/8000 ( 62.5%) loss=2.99061e-06 lr=0.000377854 elapsed=1.9min ETA=1.1min
[n=6 rff seed=2] 5100/8000 ( 63.8%) loss=3.41639e-06 lr=0.000361661 elapsed=1.9min ETA=1.1min
[n=6 rff seed=2] 5200/8000 ( 65.0%) loss=2.73303e-06 lr=0.000345759 elapsed=2.0min ETA=1.1min
[n=6 rff seed=2] 5300/8000 ( 66.2%) loss=2.63791e-06 lr=0.000330172 elapsed=2.0min ETA=1.0min
[n=6 rff seed=2] 5400/8000 ( 67.5%) loss=2.54919e-06 lr=0.000314925 elapsed=2.1min ETA=1.0min
[n=6 rff seed=2] 5500/8000 ( 68.8%) loss=2.46558e-06 lr=0.000300039 elapsed=2.1min ETA=1.0min
[n=6 rff seed=2] 5600/8000 ( 70.0%) loss=2.38675e-06 lr=0.00028554 elapsed=2.1min ETA=0.9min
[n=6 rff seed=2] 5700/8000 ( 71.2%) loss=2.31232e-06 lr=0.000271448 elapsed=2.2min ETA=0.9min
[n=6 rff seed=2] 5800/8000 ( 72.5%) loss=2.24205e-06 lr=0.000257785 elapsed=2.2min ETA=0.8min
[n=6 rff seed=2] 5900/8000 ( 73.8%) loss=2.17574e-06 lr=0.000244574 elapsed=2.2min ETA=0.8min
[n=6 rff seed=2] 6000/8000 ( 75.0%) loss=2.11304e-06 lr=0.000231833 elapsed=2.3min ETA=0.8min
[n=6 rff seed=2] 6100/8000 ( 76.2%) loss=2.05376e-06 lr=0.000219583 elapsed=2.3min ETA=0.7min
[n=6 rff seed=2] 6200/8000 ( 77.5%) loss=1.99766e-06 lr=0.000207843 elapsed=2.4min ETA=0.7min
[n=6 rff seed=2] 6300/8000 ( 78.8%) loss=1.94452e-06 lr=0.000196631 elapsed=2.4min ETA=0.6min
[n=6 rff seed=2] 6400/8000 ( 80.0%) loss=1.89416e-06 lr=0.000185963 elapsed=2.4min ETA=0.6min
[n=6 rff seed=2] 6500/8000 ( 81.2%) loss=1.84638e-06 lr=0.000175857 elapsed=2.5min ETA=0.6min
[n=6 rff seed=2] 6600/8000 ( 82.5%) loss=1.80096e-06 lr=0.000166328 elapsed=2.5min ETA=0.5min
[n=6 rff seed=2] 6700/8000 ( 83.8%) loss=1.75774e-06 lr=0.000157391 elapsed=2.6min ETA=0.5min
[n=6 rff seed=2] 6800/8000 ( 85.0%) loss=1.71655e-06 lr=0.000149059 elapsed=2.6min ETA=0.5min
[n=6 rff seed=2] 6900/8000 ( 86.2%) loss=1.67722e-06 lr=0.000141346 elapsed=2.6min ETA=0.4min
[n=6 rff seed=2] 7000/8000 ( 87.5%) loss=1.63953e-06 lr=0.000134263 elapsed=2.6min ETA=0.4min
[n=6 rff seed=2] 7100/8000 ( 88.8%) loss=1.60337e-06 lr=0.000127821 elapsed=2.7min ETA=0.3min
[n=6 rff seed=2] 7200/8000 ( 90.0%) loss=1.56853e-06 lr=0.00012203 elapsed=2.7min ETA=0.3min
[n=6 rff seed=2] 7300/8000 ( 91.2%) loss=1.53484e-06 lr=0.000116899 elapsed=2.8min ETA=0.3min
[n=6 rff seed=2] 7400/8000 ( 92.5%) loss=1.50215e-06 lr=0.000112437 elapsed=2.8min ETA=0.2min
[n=6 rff seed=2] 7500/8000 ( 93.8%) loss=1.47027e-06 lr=0.000108649 elapsed=2.8min ETA=0.2min
[n=6 rff seed=2] 7600/8000 ( 95.0%) loss=1.43926e-06 lr=0.000105542 elapsed=2.9min ETA=0.2min
[n=6 rff seed=2] 7700/8000 ( 96.2%) loss=1.4096e-06 lr=0.00010312 elapsed=2.9min ETA=0.1min
[n=6 rff seed=2] 7800/8000 ( 97.5%) loss=1.38094e-06 lr=0.000101388 elapsed=2.9min ETA=0.1min
[n=6 rff seed=2] 7900/8000 ( 98.8%) loss=1.36837e-06 lr=0.000100347 elapsed=3.0min ETA=0.0min
[n=6 rff seed=2] 8000/8000 (100.0%) loss=1.40156e-06 lr=0.0001 elapsed=3.0min ETA=0.0min
TRAINING TERMINAL n=6 rff seed=2: completed
