TRAIN n=6 method=rff seed=1 -> /content/drive/MyDrive/ryan_pinn_trial_from_start_0677b40/repository/results/raw/n06/rff/seed_1/attempt_000
/usr/local/lib/python3.13/dist-packages/torch/autograd/graph.py:882: UserWarning: Attempting to run cuBLAS, but there was no current CUDA context! Attempting to set the primary context... (Triggered internally at /pytorch/aten/src/ATen/cuda/CublasHandlePool.cpp:370.)
  return Variable._execution_engine.run_backward(  # Calls into the C++ engine to run the backward pass
[n=6 rff seed=1]    1/8000 (  0.0%) loss=2.63093 lr=0.001 elapsed=0.0min ETA=46.7min
[n=6 rff seed=1]  100/8000 (  1.2%) loss=0.106561 lr=0.00099966 elapsed=0.0min ETA=3.3min
[n=6 rff seed=1]  200/8000 (  2.5%) loss=0.0173517 lr=0.000998626 elapsed=0.1min ETA=3.4min
[n=6 rff seed=1]  300/8000 (  3.8%) loss=0.00239946 lr=0.000996901 elapsed=0.1min ETA=3.6min
[n=6 rff seed=1]  400/8000 (  5.0%) loss=0.000740837 lr=0.000994486 elapsed=0.2min ETA=3.4min
[n=6 rff seed=1]  500/8000 (  6.2%) loss=0.000405976 lr=0.000991386 elapsed=0.2min ETA=3.2min
[n=6 rff seed=1]  600/8000 (  7.5%) loss=0.000272723 lr=0.000987605 elapsed=0.2min ETA=3.1min
[n=6 rff seed=1]  700/8000 (  8.8%) loss=0.000199468 lr=0.000983149 elapsed=0.3min ETA=3.0min
[n=6 rff seed=1]  800/8000 ( 10.0%) loss=0.000153076 lr=0.000978025 elapsed=0.3min ETA=3.0min
[n=6 rff seed=1]  900/8000 ( 11.2%) loss=0.000121234 lr=0.00097224 elapsed=0.4min ETA=3.0min
[n=6 rff seed=1] 1000/8000 ( 12.5%) loss=9.81807e-05 lr=0.000965805 elapsed=0.4min ETA=2.9min
[n=6 rff seed=1] 1100/8000 ( 13.8%) loss=8.0877e-05 lr=0.000958728 elapsed=0.4min ETA=2.8min
[n=6 rff seed=1] 1200/8000 ( 15.0%) loss=6.75706e-05 lr=0.000951021 elapsed=0.5min ETA=2.7min
[n=6 rff seed=1] 1300/8000 ( 16.2%) loss=5.71649e-05 lr=0.000942696 elapsed=0.5min ETA=2.6min
[n=6 rff seed=1] 1400/8000 ( 17.5%) loss=4.89223e-05 lr=0.000933764 elapsed=0.6min ETA=2.6min
[n=6 rff seed=1] 1500/8000 ( 18.8%) loss=4.23203e-05 lr=0.000924241 elapsed=0.6min ETA=2.6min
[n=6 rff seed=1] 1600/8000 ( 20.0%) loss=3.69762e-05 lr=0.000914141 elapsed=0.6min ETA=2.6min
[n=6 rff seed=1] 1700/8000 ( 21.2%) loss=3.26038e-05 lr=0.000903479 elapsed=0.7min ETA=2.5min
[n=6 rff seed=1] 1800/8000 ( 22.5%) loss=2.89872e-05 lr=0.000892272 elapsed=0.7min ETA=2.5min
[n=6 rff seed=1] 1900/8000 ( 23.8%) loss=2.59623e-05 lr=0.000880537 elapsed=0.7min ETA=2.4min
[n=6 rff seed=1] 2000/8000 ( 25.0%) loss=2.34041e-05 lr=0.000868292 elapsed=0.8min ETA=2.4min
[n=6 rff seed=1] 2100/8000 ( 26.2%) loss=2.12167e-05 lr=0.000855556 elapsed=0.8min ETA=2.4min
[n=6 rff seed=1] 2200/8000 ( 27.5%) loss=1.95251e-05 lr=0.000842349 elapsed=0.9min ETA=2.3min
[n=6 rff seed=1] 2300/8000 ( 28.8%) loss=1.76813e-05 lr=0.000828691 elapsed=0.9min ETA=2.3min
[n=6 rff seed=1] 2400/8000 ( 30.0%) loss=1.81667e-05 lr=0.000814603 elapsed=0.9min ETA=2.2min
[n=6 rff seed=1] 2500/8000 ( 31.2%) loss=1.49518e-05 lr=0.000800108 elapsed=1.0min ETA=2.2min
[n=6 rff seed=1] 2600/8000 ( 32.5%) loss=1.38091e-05 lr=0.000785226 elapsed=1.0min ETA=2.1min
[n=6 rff seed=1] 2700/8000 ( 33.8%) loss=1.28008e-05 lr=0.000769982 elapsed=1.1min ETA=2.1min
[n=6 rff seed=1] 2800/8000 ( 35.0%) loss=1.18644e-05 lr=0.000754398 elapsed=1.1min ETA=2.1min
[n=6 rff seed=1] 2900/8000 ( 36.2%) loss=1.24162e-05 lr=0.000738499 elapsed=1.1min ETA=2.0min
[n=6 rff seed=1] 3000/8000 ( 37.5%) loss=1.02783e-05 lr=0.00072231 elapsed=1.2min ETA=2.0min
[n=6 rff seed=1] 3100/8000 ( 38.8%) loss=1.05665e-05 lr=0.000705854 elapsed=1.2min ETA=1.9min
[n=6 rff seed=1] 3200/8000 ( 40.0%) loss=2.30228e-05 lr=0.000689158 elapsed=1.3min ETA=1.9min
[n=6 rff seed=1] 3300/8000 ( 41.2%) loss=8.86013e-06 lr=0.000672248 elapsed=1.3min ETA=1.9min
[n=6 rff seed=1] 3400/8000 ( 42.5%) loss=7.8898e-06 lr=0.000655149 elapsed=1.3min ETA=1.8min
[n=6 rff seed=1] 3500/8000 ( 43.8%) loss=7.42097e-06 lr=0.000637888 elapsed=1.4min ETA=1.8min
[n=6 rff seed=1] 3600/8000 ( 45.0%) loss=7.03073e-06 lr=0.000620492 elapsed=1.4min ETA=1.7min
[n=6 rff seed=1] 3700/8000 ( 46.2%) loss=6.58242e-06 lr=0.000602986 elapsed=1.4min ETA=1.7min
[n=6 rff seed=1] 3800/8000 ( 47.5%) loss=6.78498e-06 lr=0.000585399 elapsed=1.5min ETA=1.6min
[n=6 rff seed=1] 3900/8000 ( 48.8%) loss=5.88283e-06 lr=0.000567757 elapsed=1.5min ETA=1.6min
[n=6 rff seed=1] 4000/8000 ( 50.0%) loss=5.82093e-06 lr=0.000550088 elapsed=1.6min ETA=1.6min
[n=6 rff seed=1] 4100/8000 ( 51.2%) loss=5.29611e-06 lr=0.000532419 elapsed=1.6min ETA=1.5min
[n=6 rff seed=1] 4200/8000 ( 52.5%) loss=5.08633e-06 lr=0.000514777 elapsed=1.6min ETA=1.5min
[n=6 rff seed=1] 4300/8000 ( 53.8%) loss=4.79441e-06 lr=0.000497189 elapsed=1.7min ETA=1.4min
[n=6 rff seed=1] 4400/8000 ( 55.0%) loss=4.55395e-06 lr=0.000479683 elapsed=1.7min ETA=1.4min
[n=6 rff seed=1] 4500/8000 ( 56.2%) loss=4.4255e-06 lr=0.000462285 elapsed=1.8min ETA=1.4min
[n=6 rff seed=1] 4600/8000 ( 57.5%) loss=4.14801e-06 lr=0.000445023 elapsed=1.8min ETA=1.3min
[n=6 rff seed=1] 4700/8000 ( 58.8%) loss=4.24797e-06 lr=0.000427922 elapsed=1.8min ETA=1.3min
[n=6 rff seed=1] 4800/8000 ( 60.0%) loss=3.79628e-06 lr=0.00041101 elapsed=1.9min ETA=1.2min
[n=6 rff seed=1] 4900/8000 ( 61.2%) loss=3.63774e-06 lr=0.000394312 elapsed=1.9min ETA=1.2min
[n=6 rff seed=1] 5000/8000 ( 62.5%) loss=3.62375e-06 lr=0.000377854 elapsed=1.9min ETA=1.2min
[n=6 rff seed=1] 5100/8000 ( 63.8%) loss=3.3594e-06 lr=0.000361661 elapsed=2.0min ETA=1.1min
[n=6 rff seed=1] 5200/8000 ( 65.0%) loss=3.22592e-06 lr=0.000345759 elapsed=2.0min ETA=1.1min
[n=6 rff seed=1] 5300/8000 ( 66.2%) loss=3.09925e-06 lr=0.000330172 elapsed=2.1min ETA=1.0min
[n=6 rff seed=1] 5400/8000 ( 67.5%) loss=2.98505e-06 lr=0.000314925 elapsed=2.1min ETA=1.0min
[n=6 rff seed=1] 5500/8000 ( 68.8%) loss=2.87773e-06 lr=0.000300039 elapsed=2.1min ETA=1.0min
[n=6 rff seed=1] 5600/8000 ( 70.0%) loss=2.77685e-06 lr=0.00028554 elapsed=2.2min ETA=0.9min
[n=6 rff seed=1] 5700/8000 ( 71.2%) loss=2.68197e-06 lr=0.000271448 elapsed=2.2min ETA=0.9min
[n=6 rff seed=1] 5800/8000 ( 72.5%) loss=2.59263e-06 lr=0.000257785 elapsed=2.2min ETA=0.9min
[n=6 rff seed=1] 5900/8000 ( 73.8%) loss=2.50857e-06 lr=0.000244574 elapsed=2.3min ETA=0.8min
[n=6 rff seed=1] 6000/8000 ( 75.0%) loss=2.42938e-06 lr=0.000231833 elapsed=2.3min ETA=0.8min
[n=6 rff seed=1] 6100/8000 ( 76.2%) loss=2.35476e-06 lr=0.000219583 elapsed=2.4min ETA=0.7min
[n=6 rff seed=1] 6200/8000 ( 77.5%) loss=2.2844e-06 lr=0.000207843 elapsed=2.4min ETA=0.7min
[n=6 rff seed=1] 6300/8000 ( 78.8%) loss=2.21801e-06 lr=0.000196631 elapsed=2.4min ETA=0.7min
[n=6 rff seed=1] 6400/8000 ( 80.0%) loss=2.15526e-06 lr=0.000185963 elapsed=2.5min ETA=0.6min
[n=6 rff seed=1] 6500/8000 ( 81.2%) loss=2.09599e-06 lr=0.000175857 elapsed=2.5min ETA=0.6min
[n=6 rff seed=1] 6600/8000 ( 82.5%) loss=2.03985e-06 lr=0.000166328 elapsed=2.5min ETA=0.5min
[n=6 rff seed=1] 6700/8000 ( 83.8%) loss=1.98666e-06 lr=0.000157391 elapsed=2.6min ETA=0.5min
[n=6 rff seed=1] 6800/8000 ( 85.0%) loss=1.93608e-06 lr=0.000149059 elapsed=2.6min ETA=0.5min
[n=6 rff seed=1] 6900/8000 ( 86.2%) loss=1.88802e-06 lr=0.000141346 elapsed=2.7min ETA=0.4min
[n=6 rff seed=1] 7000/8000 ( 87.5%) loss=1.84218e-06 lr=0.000134263 elapsed=2.7min ETA=0.4min
[n=6 rff seed=1] 7100/8000 ( 88.8%) loss=1.79832e-06 lr=0.000127821 elapsed=2.7min ETA=0.3min
[n=6 rff seed=1] 7200/8000 ( 90.0%) loss=1.75623e-06 lr=0.00012203 elapsed=2.8min ETA=0.3min
[n=6 rff seed=1] 7300/8000 ( 91.2%) loss=1.7157e-06 lr=0.000116899 elapsed=2.8min ETA=0.3min
[n=6 rff seed=1] 7400/8000 ( 92.5%) loss=1.67653e-06 lr=0.000112437 elapsed=2.8min ETA=0.2min
[n=6 rff seed=1] 7500/8000 ( 93.8%) loss=1.63847e-06 lr=0.000108649 elapsed=2.9min ETA=0.2min
[n=6 rff seed=1] 7600/8000 ( 95.0%) loss=1.60138e-06 lr=0.000105542 elapsed=2.9min ETA=0.2min
[n=6 rff seed=1] 7700/8000 ( 96.2%) loss=1.81612e-06 lr=0.00010312 elapsed=3.0min ETA=0.1min
[n=6 rff seed=1] 7800/8000 ( 97.5%) loss=1.53012e-06 lr=0.000101388 elapsed=3.0min ETA=0.1min
[n=6 rff seed=1] 7900/8000 ( 98.8%) loss=1.51297e-06 lr=0.000100347 elapsed=3.0min ETA=0.0min
[n=6 rff seed=1] 8000/8000 (100.0%) loss=1.4739e-06 lr=0.0001 elapsed=3.1min ETA=0.0min
TRAINING TERMINAL n=6 rff seed=1: completed
