TRAIN n=12 method=rff seed=1 -> /content/drive/MyDrive/ryan_pinn_trial_from_start_0677b40/repository/results/raw/n12/rff/seed_1/attempt_000
/usr/local/lib/python3.13/dist-packages/torch/autograd/graph.py:882: UserWarning: Attempting to run cuBLAS, but there was no current CUDA context! Attempting to set the primary context... (Triggered internally at /pytorch/aten/src/ATen/cuda/CublasHandlePool.cpp:370.)
  return Variable._execution_engine.run_backward(  # Calls into the C++ engine to run the backward pass
[n=12 rff seed=1]    1/8000 (  0.0%) loss=0.54361 lr=0.001 elapsed=0.0min ETA=58.9min
[n=12 rff seed=1]  100/8000 (  1.2%) loss=0.105613 lr=0.00099966 elapsed=0.0min ETA=3.9min
[n=12 rff seed=1]  200/8000 (  2.5%) loss=0.00522711 lr=0.000998626 elapsed=0.1min ETA=3.3min
[n=12 rff seed=1]  300/8000 (  3.8%) loss=0.000568764 lr=0.000996901 elapsed=0.1min ETA=3.0min
[n=12 rff seed=1]  400/8000 (  5.0%) loss=0.00017272 lr=0.000994486 elapsed=0.2min ETA=2.9min
[n=12 rff seed=1]  500/8000 (  6.2%) loss=8.68517e-05 lr=0.000991386 elapsed=0.2min ETA=2.8min
[n=12 rff seed=1]  600/8000 (  7.5%) loss=5.54916e-05 lr=0.000987605 elapsed=0.2min ETA=2.8min
[n=12 rff seed=1]  700/8000 (  8.8%) loss=3.93881e-05 lr=0.000983149 elapsed=0.3min ETA=2.9min
[n=12 rff seed=1]  800/8000 ( 10.0%) loss=3.05197e-05 lr=0.000978025 elapsed=0.3min ETA=2.8min
[n=12 rff seed=1]  900/8000 ( 11.2%) loss=2.74173e-05 lr=0.00097224 elapsed=0.3min ETA=2.7min
[n=12 rff seed=1] 1000/8000 ( 12.5%) loss=0.000719996 lr=0.000965805 elapsed=0.4min ETA=2.6min
[n=12 rff seed=1] 1100/8000 ( 13.8%) loss=1.60252e-05 lr=0.000958728 elapsed=0.4min ETA=2.6min
[n=12 rff seed=1] 1200/8000 ( 15.0%) loss=1.36209e-05 lr=0.000951021 elapsed=0.5min ETA=2.6min
[n=12 rff seed=1] 1300/8000 ( 16.2%) loss=1.19748e-05 lr=0.000942696 elapsed=0.5min ETA=2.6min
[n=12 rff seed=1] 1400/8000 ( 17.5%) loss=1.02161e-05 lr=0.000933764 elapsed=0.5min ETA=2.5min
[n=12 rff seed=1] 1500/8000 ( 18.8%) loss=9.13812e-06 lr=0.000924241 elapsed=0.6min ETA=2.5min
[n=12 rff seed=1] 1600/8000 ( 20.0%) loss=7.80522e-06 lr=0.000914141 elapsed=0.6min ETA=2.4min
[n=12 rff seed=1] 1700/8000 ( 21.2%) loss=7.37244e-06 lr=0.000903479 elapsed=0.6min ETA=2.3min
[n=12 rff seed=1] 1800/8000 ( 22.5%) loss=1.31372e-05 lr=0.000892272 elapsed=0.7min ETA=2.3min
[n=12 rff seed=1] 1900/8000 ( 23.8%) loss=1.64758e-05 lr=0.000880537 elapsed=0.7min ETA=2.3min
[n=12 rff seed=1] 2000/8000 ( 25.0%) loss=4.90842e-06 lr=0.000868292 elapsed=0.8min ETA=2.3min
[n=12 rff seed=1] 2100/8000 ( 26.2%) loss=1.27525e-05 lr=0.000855556 elapsed=0.8min ETA=2.2min
[n=12 rff seed=1] 2200/8000 ( 27.5%) loss=4.03343e-06 lr=0.000842349 elapsed=0.8min ETA=2.2min
[n=12 rff seed=1] 2300/8000 ( 28.8%) loss=6.70647e-06 lr=0.000828691 elapsed=0.9min ETA=2.1min
[n=12 rff seed=1] 2400/8000 ( 30.0%) loss=4.94577e-06 lr=0.000814603 elapsed=0.9min ETA=2.1min
[n=12 rff seed=1] 2500/8000 ( 31.2%) loss=0.000192929 lr=0.000800108 elapsed=0.9min ETA=2.1min
[n=12 rff seed=1] 2600/8000 ( 32.5%) loss=2.83044e-06 lr=0.000785226 elapsed=1.0min ETA=2.0min
[n=12 rff seed=1] 2700/8000 ( 33.8%) loss=2.92428e-06 lr=0.000769982 elapsed=1.0min ETA=2.0min
[n=12 rff seed=1] 2800/8000 ( 35.0%) loss=2.89266e-06 lr=0.000754398 elapsed=1.1min ETA=2.0min
[n=12 rff seed=1] 2900/8000 ( 36.2%) loss=2.22733e-06 lr=0.000738499 elapsed=1.1min ETA=1.9min
[n=12 rff seed=1] 3000/8000 ( 37.5%) loss=1.1285e-05 lr=0.00072231 elapsed=1.1min ETA=1.9min
[n=12 rff seed=1] 3100/8000 ( 38.8%) loss=3.22482e-06 lr=0.000705854 elapsed=1.2min ETA=1.8min
[n=12 rff seed=1] 3200/8000 ( 40.0%) loss=3.75273e-06 lr=0.000689158 elapsed=1.2min ETA=1.8min
[n=12 rff seed=1] 3300/8000 ( 41.2%) loss=1.69798e-06 lr=0.000672248 elapsed=1.2min ETA=1.8min
[n=12 rff seed=1] 3400/8000 ( 42.5%) loss=1.6123e-06 lr=0.000655149 elapsed=1.3min ETA=1.7min
[n=12 rff seed=1] 3500/8000 ( 43.8%) loss=1.51135e-06 lr=0.000637888 elapsed=1.3min ETA=1.7min
[n=12 rff seed=1] 3600/8000 ( 45.0%) loss=1.38515e-06 lr=0.000620492 elapsed=1.3min ETA=1.6min
[n=12 rff seed=1] 3700/8000 ( 46.2%) loss=4.28767e-06 lr=0.000602986 elapsed=1.4min ETA=1.6min
[n=12 rff seed=1] 3800/8000 ( 47.5%) loss=1.19904e-06 lr=0.000585399 elapsed=1.4min ETA=1.6min
[n=12 rff seed=1] 3900/8000 ( 48.8%) loss=7.6566e-06 lr=0.000567757 elapsed=1.5min ETA=1.5min
[n=12 rff seed=1] 4000/8000 ( 50.0%) loss=1.05935e-06 lr=0.000550088 elapsed=1.5min ETA=1.5min
[n=12 rff seed=1] 4100/8000 ( 51.2%) loss=1.87829e-06 lr=0.000532419 elapsed=1.5min ETA=1.5min
[n=12 rff seed=1] 4200/8000 ( 52.5%) loss=2.22043e-05 lr=0.000514777 elapsed=1.6min ETA=1.4min
[n=12 rff seed=1] 4300/8000 ( 53.8%) loss=8.84514e-07 lr=0.000497189 elapsed=1.6min ETA=1.4min
[n=12 rff seed=1] 4400/8000 ( 55.0%) loss=1.38065e-05 lr=0.000479683 elapsed=1.6min ETA=1.3min
[n=12 rff seed=1] 4500/8000 ( 56.2%) loss=7.88003e-07 lr=0.000462285 elapsed=1.7min ETA=1.3min
[n=12 rff seed=1] 4600/8000 ( 57.5%) loss=1.39025e-05 lr=0.000445023 elapsed=1.7min ETA=1.3min
[n=12 rff seed=1] 4700/8000 ( 58.8%) loss=7.04343e-07 lr=0.000427922 elapsed=1.7min ETA=1.2min
[n=12 rff seed=1] 4800/8000 ( 60.0%) loss=6.91143e-07 lr=0.00041101 elapsed=1.8min ETA=1.2min
[n=12 rff seed=1] 4900/8000 ( 61.2%) loss=6.317e-07 lr=0.000394312 elapsed=1.8min ETA=1.1min
[n=12 rff seed=1] 5000/8000 ( 62.5%) loss=5.99875e-07 lr=0.000377854 elapsed=1.9min ETA=1.1min
[n=12 rff seed=1] 5100/8000 ( 63.8%) loss=5.74506e-07 lr=0.000361661 elapsed=1.9min ETA=1.1min
[n=12 rff seed=1] 5200/8000 ( 65.0%) loss=5.39464e-07 lr=0.000345759 elapsed=1.9min ETA=1.0min
[n=12 rff seed=1] 5300/8000 ( 66.2%) loss=5.94878e-06 lr=0.000330172 elapsed=2.0min ETA=1.0min
[n=12 rff seed=1] 5400/8000 ( 67.5%) loss=4.87455e-07 lr=0.000314925 elapsed=2.0min ETA=1.0min
[n=12 rff seed=1] 5500/8000 ( 68.8%) loss=4.63745e-07 lr=0.000300039 elapsed=2.0min ETA=0.9min
[n=12 rff seed=1] 5600/8000 ( 70.0%) loss=4.41552e-07 lr=0.00028554 elapsed=2.1min ETA=0.9min
[n=12 rff seed=1] 5700/8000 ( 71.2%) loss=4.21189e-07 lr=0.000271448 elapsed=2.1min ETA=0.9min
[n=12 rff seed=1] 5800/8000 ( 72.5%) loss=4.01254e-07 lr=0.000257785 elapsed=2.2min ETA=0.8min
[n=12 rff seed=1] 5900/8000 ( 73.8%) loss=3.82834e-07 lr=0.000244574 elapsed=2.2min ETA=0.8min
[n=12 rff seed=1] 6000/8000 ( 75.0%) loss=3.65614e-07 lr=0.000231833 elapsed=2.2min ETA=0.7min
[n=12 rff seed=1] 6100/8000 ( 76.2%) loss=3.49441e-07 lr=0.000219583 elapsed=2.3min ETA=0.7min
[n=12 rff seed=1] 6200/8000 ( 77.5%) loss=3.34264e-07 lr=0.000207843 elapsed=2.3min ETA=0.7min
[n=12 rff seed=1] 6300/8000 ( 78.8%) loss=3.19993e-07 lr=0.000196631 elapsed=2.3min ETA=0.6min
[n=12 rff seed=1] 6400/8000 ( 80.0%) loss=3.06573e-07 lr=0.000185963 elapsed=2.4min ETA=0.6min
[n=12 rff seed=1] 6500/8000 ( 81.2%) loss=2.93941e-07 lr=0.000175857 elapsed=2.4min ETA=0.6min
[n=12 rff seed=1] 6600/8000 ( 82.5%) loss=2.82041e-07 lr=0.000166328 elapsed=2.4min ETA=0.5min
[n=12 rff seed=1] 6700/8000 ( 83.8%) loss=2.70799e-07 lr=0.000157391 elapsed=2.5min ETA=0.5min
[n=12 rff seed=1] 6800/8000 ( 85.0%) loss=2.60189e-07 lr=0.000149059 elapsed=2.5min ETA=0.4min
[n=12 rff seed=1] 6900/8000 ( 86.2%) loss=2.5013e-07 lr=0.000141346 elapsed=2.6min ETA=0.4min
[n=12 rff seed=1] 7000/8000 ( 87.5%) loss=2.40602e-07 lr=0.000134263 elapsed=2.6min ETA=0.4min
[n=12 rff seed=1] 7100/8000 ( 88.8%) loss=2.31523e-07 lr=0.000127821 elapsed=2.6min ETA=0.3min
[n=12 rff seed=1] 7200/8000 ( 90.0%) loss=2.22858e-07 lr=0.00012203 elapsed=2.7min ETA=0.3min
[n=12 rff seed=1] 7300/8000 ( 91.2%) loss=2.14561e-07 lr=0.000116899 elapsed=2.7min ETA=0.3min
[n=12 rff seed=1] 7400/8000 ( 92.5%) loss=2.06583e-07 lr=0.000112437 elapsed=2.7min ETA=0.2min
[n=12 rff seed=1] 7500/8000 ( 93.8%) loss=1.98877e-07 lr=0.000108649 elapsed=2.8min ETA=0.2min
[n=12 rff seed=1] 7600/8000 ( 95.0%) loss=1.91449e-07 lr=0.000105542 elapsed=2.8min ETA=0.1min
[n=12 rff seed=1] 7700/8000 ( 96.2%) loss=2.52444e-07 lr=0.00010312 elapsed=2.9min ETA=0.1min
[n=12 rff seed=1] 7800/8000 ( 97.5%) loss=4.20141e-06 lr=0.000101388 elapsed=2.9min ETA=0.1min
[n=12 rff seed=1] 7900/8000 ( 98.8%) loss=4.60419e-06 lr=0.000100347 elapsed=2.9min ETA=0.0min
[n=12 rff seed=1] 8000/8000 (100.0%) loss=1.84755e-07 lr=0.0001 elapsed=3.0min ETA=0.0min
TRAINING TERMINAL n=12 rff seed=1: completed
