TRAIN n=12 method=vanilla seed=1 -> /content/drive/MyDrive/ryan_pinn_trial_from_start_0677b40/repository/results/raw/n12/vanilla/seed_1/attempt_000
/usr/local/lib/python3.13/dist-packages/torch/autograd/graph.py:882: UserWarning: Attempting to run cuBLAS, but there was no current CUDA context! Attempting to set the primary context... (Triggered internally at /pytorch/aten/src/ATen/cuda/CublasHandlePool.cpp:370.)
  return Variable._execution_engine.run_backward(  # Calls into the C++ engine to run the backward pass
[n=12 vanilla seed=1]    1/8000 (  0.0%) loss=0.258806 lr=0.001 elapsed=0.0min ETA=45.4min
[n=12 vanilla seed=1]  100/8000 (  1.2%) loss=0.250142 lr=0.00099966 elapsed=0.0min ETA=2.6min
[n=12 vanilla seed=1]  200/8000 (  2.5%) loss=0.250137 lr=0.000998626 elapsed=0.1min ETA=2.6min
[n=12 vanilla seed=1]  300/8000 (  3.8%) loss=0.250134 lr=0.000996901 elapsed=0.1min ETA=2.7min
[n=12 vanilla seed=1]  400/8000 (  5.0%) loss=0.250133 lr=0.000994486 elapsed=0.1min ETA=2.6min
[n=12 vanilla seed=1]  500/8000 (  6.2%) loss=0.250131 lr=0.000991386 elapsed=0.2min ETA=2.4min
[n=12 vanilla seed=1]  600/8000 (  7.5%) loss=0.25013 lr=0.000987605 elapsed=0.2min ETA=2.3min
[n=12 vanilla seed=1]  700/8000 (  8.8%) loss=0.250165 lr=0.000983149 elapsed=0.2min ETA=2.2min
[n=12 vanilla seed=1]  800/8000 ( 10.0%) loss=0.250126 lr=0.000978025 elapsed=0.2min ETA=2.2min
[n=12 vanilla seed=1]  900/8000 ( 11.2%) loss=0.250122 lr=0.00097224 elapsed=0.3min ETA=2.1min
[n=12 vanilla seed=1] 1000/8000 ( 12.5%) loss=0.250125 lr=0.000965805 elapsed=0.3min ETA=2.2min
[n=12 vanilla seed=1] 1100/8000 ( 13.8%) loss=0.250113 lr=0.000958728 elapsed=0.3min ETA=2.2min
[n=12 vanilla seed=1] 1200/8000 ( 15.0%) loss=0.250098 lr=0.000951021 elapsed=0.4min ETA=2.1min
[n=12 vanilla seed=1] 1300/8000 ( 16.2%) loss=0.250093 lr=0.000942696 elapsed=0.4min ETA=2.1min
[n=12 vanilla seed=1] 1400/8000 ( 17.5%) loss=0.250061 lr=0.000933764 elapsed=0.4min ETA=2.0min
[n=12 vanilla seed=1] 1500/8000 ( 18.8%) loss=0.250039 lr=0.000924241 elapsed=0.5min ETA=2.0min
[n=12 vanilla seed=1] 1600/8000 ( 20.0%) loss=0.250024 lr=0.000914141 elapsed=0.5min ETA=1.9min
[n=12 vanilla seed=1] 1700/8000 ( 21.2%) loss=0.250004 lr=0.000903479 elapsed=0.5min ETA=1.9min
[n=12 vanilla seed=1] 1800/8000 ( 22.5%) loss=0.24999 lr=0.000892272 elapsed=0.5min ETA=1.9min
[n=12 vanilla seed=1] 1900/8000 ( 23.8%) loss=0.249967 lr=0.000880537 elapsed=0.6min ETA=1.9min
[n=12 vanilla seed=1] 2000/8000 ( 25.0%) loss=0.249941 lr=0.000868292 elapsed=0.6min ETA=1.8min
[n=12 vanilla seed=1] 2100/8000 ( 26.2%) loss=0.249906 lr=0.000855556 elapsed=0.6min ETA=1.8min
[n=12 vanilla seed=1] 2200/8000 ( 27.5%) loss=0.250097 lr=0.000842349 elapsed=0.7min ETA=1.7min
[n=12 vanilla seed=1] 2300/8000 ( 28.8%) loss=0.249746 lr=0.000828691 elapsed=0.7min ETA=1.7min
[n=12 vanilla seed=1] 2400/8000 ( 30.0%) loss=0.250019 lr=0.000814603 elapsed=0.7min ETA=1.7min
[n=12 vanilla seed=1] 2500/8000 ( 31.2%) loss=0.249486 lr=0.000800108 elapsed=0.7min ETA=1.6min
[n=12 vanilla seed=1] 2600/8000 ( 32.5%) loss=0.249398 lr=0.000785226 elapsed=0.8min ETA=1.6min
[n=12 vanilla seed=1] 2700/8000 ( 33.8%) loss=0.249338 lr=0.000769982 elapsed=0.8min ETA=1.6min
[n=12 vanilla seed=1] 2800/8000 ( 35.0%) loss=0.249243 lr=0.000754398 elapsed=0.8min ETA=1.6min
[n=12 vanilla seed=1] 2900/8000 ( 36.2%) loss=0.249147 lr=0.000738499 elapsed=0.9min ETA=1.5min
[n=12 vanilla seed=1] 3000/8000 ( 37.5%) loss=0.249036 lr=0.00072231 elapsed=0.9min ETA=1.5min
[n=12 vanilla seed=1] 3100/8000 ( 38.8%) loss=0.248902 lr=0.000705854 elapsed=0.9min ETA=1.5min
[n=12 vanilla seed=1] 3200/8000 ( 40.0%) loss=0.248711 lr=0.000689158 elapsed=1.0min ETA=1.4min
[n=12 vanilla seed=1] 3300/8000 ( 41.2%) loss=0.249724 lr=0.000672248 elapsed=1.0min ETA=1.4min
[n=12 vanilla seed=1] 3400/8000 ( 42.5%) loss=0.248296 lr=0.000655149 elapsed=1.0min ETA=1.4min
[n=12 vanilla seed=1] 3500/8000 ( 43.8%) loss=0.248063 lr=0.000637888 elapsed=1.1min ETA=1.4min
[n=12 vanilla seed=1] 3600/8000 ( 45.0%) loss=0.247844 lr=0.000620492 elapsed=1.1min ETA=1.3min
[n=12 vanilla seed=1] 3700/8000 ( 46.2%) loss=0.247646 lr=0.000602986 elapsed=1.1min ETA=1.3min
[n=12 vanilla seed=1] 3800/8000 ( 47.5%) loss=0.247474 lr=0.000585399 elapsed=1.1min ETA=1.3min
[n=12 vanilla seed=1] 3900/8000 ( 48.8%) loss=0.247324 lr=0.000567757 elapsed=1.2min ETA=1.2min
[n=12 vanilla seed=1] 4000/8000 ( 50.0%) loss=0.24717 lr=0.000550088 elapsed=1.2min ETA=1.2min
[n=12 vanilla seed=1] 4100/8000 ( 51.2%) loss=0.247002 lr=0.000532419 elapsed=1.2min ETA=1.2min
[n=12 vanilla seed=1] 4200/8000 ( 52.5%) loss=0.24683 lr=0.000514777 elapsed=1.3min ETA=1.1min
[n=12 vanilla seed=1] 4300/8000 ( 53.8%) loss=0.246642 lr=0.000497189 elapsed=1.3min ETA=1.1min
[n=12 vanilla seed=1] 4400/8000 ( 55.0%) loss=0.246411 lr=0.000479683 elapsed=1.3min ETA=1.1min
[n=12 vanilla seed=1] 4500/8000 ( 56.2%) loss=0.246109 lr=0.000462285 elapsed=1.4min ETA=1.1min
[n=12 vanilla seed=1] 4600/8000 ( 57.5%) loss=0.24571 lr=0.000445023 elapsed=1.4min ETA=1.0min
[n=12 vanilla seed=1] 4700/8000 ( 58.8%) loss=0.245246 lr=0.000427922 elapsed=1.4min ETA=1.0min
[n=12 vanilla seed=1] 4800/8000 ( 60.0%) loss=0.244619 lr=0.00041101 elapsed=1.4min ETA=1.0min
[n=12 vanilla seed=1] 4900/8000 ( 61.2%) loss=0.243524 lr=0.000394312 elapsed=1.5min ETA=0.9min
[n=12 vanilla seed=1] 5000/8000 ( 62.5%) loss=0.242057 lr=0.000377854 elapsed=1.5min ETA=0.9min
[n=12 vanilla seed=1] 5100/8000 ( 63.8%) loss=0.240383 lr=0.000361661 elapsed=1.5min ETA=0.9min
[n=12 vanilla seed=1] 5200/8000 ( 65.0%) loss=0.238298 lr=0.000345759 elapsed=1.6min ETA=0.8min
[n=12 vanilla seed=1] 5300/8000 ( 66.2%) loss=0.23573 lr=0.000330172 elapsed=1.6min ETA=0.8min
[n=12 vanilla seed=1] 5400/8000 ( 67.5%) loss=0.233379 lr=0.000314925 elapsed=1.6min ETA=0.8min
[n=12 vanilla seed=1] 5500/8000 ( 68.8%) loss=0.231113 lr=0.000300039 elapsed=1.7min ETA=0.8min
[n=12 vanilla seed=1] 5600/8000 ( 70.0%) loss=0.228904 lr=0.00028554 elapsed=1.7min ETA=0.7min
[n=12 vanilla seed=1] 5700/8000 ( 71.2%) loss=0.226502 lr=0.000271448 elapsed=1.7min ETA=0.7min
[n=12 vanilla seed=1] 5800/8000 ( 72.5%) loss=0.223801 lr=0.000257785 elapsed=1.8min ETA=0.7min
[n=12 vanilla seed=1] 5900/8000 ( 73.8%) loss=0.220874 lr=0.000244574 elapsed=1.8min ETA=0.6min
[n=12 vanilla seed=1] 6000/8000 ( 75.0%) loss=0.217876 lr=0.000231833 elapsed=1.8min ETA=0.6min
[n=12 vanilla seed=1] 6100/8000 ( 76.2%) loss=0.214818 lr=0.000219583 elapsed=1.8min ETA=0.6min
[n=12 vanilla seed=1] 6200/8000 ( 77.5%) loss=0.211966 lr=0.000207843 elapsed=1.9min ETA=0.5min
[n=12 vanilla seed=1] 6300/8000 ( 78.8%) loss=0.209319 lr=0.000196631 elapsed=1.9min ETA=0.5min
[n=12 vanilla seed=1] 6400/8000 ( 80.0%) loss=0.20688 lr=0.000185963 elapsed=1.9min ETA=0.5min
[n=12 vanilla seed=1] 6500/8000 ( 81.2%) loss=0.204631 lr=0.000175857 elapsed=2.0min ETA=0.5min
[n=12 vanilla seed=1] 6600/8000 ( 82.5%) loss=0.202435 lr=0.000166328 elapsed=2.0min ETA=0.4min
[n=12 vanilla seed=1] 6700/8000 ( 83.8%) loss=0.200165 lr=0.000157391 elapsed=2.0min ETA=0.4min
[n=12 vanilla seed=1] 6800/8000 ( 85.0%) loss=0.197819 lr=0.000149059 elapsed=2.1min ETA=0.4min
[n=12 vanilla seed=1] 6900/8000 ( 86.2%) loss=0.195438 lr=0.000141346 elapsed=2.1min ETA=0.3min
[n=12 vanilla seed=1] 7000/8000 ( 87.5%) loss=0.193025 lr=0.000134263 elapsed=2.1min ETA=0.3min
[n=12 vanilla seed=1] 7100/8000 ( 88.8%) loss=0.190562 lr=0.000127821 elapsed=2.1min ETA=0.3min
[n=12 vanilla seed=1] 7200/8000 ( 90.0%) loss=0.188032 lr=0.00012203 elapsed=2.2min ETA=0.2min
[n=12 vanilla seed=1] 7300/8000 ( 91.2%) loss=0.18542 lr=0.000116899 elapsed=2.2min ETA=0.2min
[n=12 vanilla seed=1] 7400/8000 ( 92.5%) loss=0.182753 lr=0.000112437 elapsed=2.2min ETA=0.2min
[n=12 vanilla seed=1] 7500/8000 ( 93.8%) loss=0.180102 lr=0.000108649 elapsed=2.3min ETA=0.2min
[n=12 vanilla seed=1] 7600/8000 ( 95.0%) loss=0.177508 lr=0.000105542 elapsed=2.3min ETA=0.1min
[n=12 vanilla seed=1] 7700/8000 ( 96.2%) loss=0.175061 lr=0.00010312 elapsed=2.3min ETA=0.1min
[n=12 vanilla seed=1] 7800/8000 ( 97.5%) loss=0.172793 lr=0.000101388 elapsed=2.3min ETA=0.1min
[n=12 vanilla seed=1] 7900/8000 ( 98.8%) loss=0.170657 lr=0.000100347 elapsed=2.4min ETA=0.0min
[n=12 vanilla seed=1] 8000/8000 (100.0%) loss=0.168597 lr=0.0001 elapsed=2.4min ETA=0.0min
TRAINING TERMINAL n=12 vanilla seed=1: completed
